// Jest Snapshot v1, https://goo.gl/fbAQLP

exports[`<ControlledInput /> component ControlledInput snapshot renders 1`] = `
<div
  className="controlled-input__container"
>
  <textarea
    className="controlled-input__textarea"
    name="test-input"
    onChange={[Function]}
    placeholder="Please enter message..."
    rows={1}
    value=""
  />
</div>
`;
